19:48:43 **** Incremental Build of configuration Debug for project adm_c16 ****
make -j12 all 
arm-none-eabi-size   adm_c16.elf 
   text	   data	    bss	    dec	    hex	filename
  12492	     20	   3492	  16004	   3e84	adm_c16.elf
Finished building: default.size.stdout
 
19:49:05 **** Incremental Build of configuration Debug for project adm_c16 ****
make -j12 all 
arm-none-eabi-size   adm_c16.elf 
   text	   data	    bss	    dec	    hex	filename
  12492	     20	   3492	  16004	   3e84	adm_c16.elf
Finished building: default.size.stdout
 
19:49:17 **** Incremental Build of configuration Debug for project adm_c16 ****
make -j12 all 
arm-none-eabi-size   adm_c16.elf 
   text	   data	    bss	    dec	    hex	filename
  12492	     20	   3492	  16004	   3e84	adm_c16.elf
Finished building: default.size.stdout
 
